{"completed": 50, "elapsed_seconds": 10.218064458000299}
{"completed": 100, "elapsed_seconds": 11.081794333000289}
{"completed": 150, "elapsed_seconds": 12.510402957999759}
{"completed": 200, "elapsed_seconds": 14.143038750000414}
{"completed": 250, "elapsed_seconds": 16.485687915999733}
{"completed": 300, "elapsed_seconds": 18.481617790999735}
{"completed": 350, "elapsed_seconds": 21.330155957999523}
{"completed": 400, "elapsed_seconds": 24.609088916000474}
{"completed": 450, "elapsed_seconds": 26.70352208300028}
{"completed": 500, "elapsed_seconds": 27.862799458001973}
{"completed": 550, "elapsed_seconds": 29.189681374999054}
{"completed": 600, "elapsed_seconds": 30.183849875000305}
{"completed": 650, "elapsed_seconds": 31.57388812499994}
{"completed": 700, "elapsed_seconds": 33.132813249998435}
{"completed": 750, "elapsed_seconds": 33.99981904100059}
{
  "schema": "alaska-header-availability-v2",
  "complete": true,
  "created_utc": "2026-10-09T21:22:36.736498+00:00",
  "archive_bytes": 8372439484,
  "archive_md5": "38449cb548b3e5c7119b267f6a12a400",
  "source_sha256": "80d59d3d607ad200b19988b3c81450b73996bf649825b08da9b90377d62cbf4d",
  "events_json_sha256": "ab2d99734367545773c274241448d9279241486ecc39dd3753e193c58c408367",
  "event_containers": 781,
  "obspy_version": "1.5.1",
  "numpy_version": "2.2.6",
  "sample_arrays_decoded": false,
  "zip_selected_members_fully_decompressed_crc_verified": true,
  "picks_or_predictions_computed": false,
  "magnitude_labels_used": false,
  "cohort": "781 release containers; not a reconstruction of the published 530-event cohort",
  "header_channels": 296990,
  "header_segments": 296990,
  "location_normalization_policy": "Alaska release only: literal '--' and empty location mean blank; all other SCNL fields unchanged",
  "ambiguous_scnl_merges_rejected": true,
  "raw_metadata_and_header_ids_retained": true,
  "actual_header_rate_segments": {
    "100.0": 27254,
    "100.00000762939453": 1,
    "100.00003051757812": 15,
    "100.00003814697266": 18,
    "100.00006866455078": 9,
    "100.00022888183594": 3,
    "199.99961853027344": 15,
    "199.99981689453125": 9,
    "199.99990844726562": 2,
    "199.9999237060547": 6,
    "199.99993896484375": 4,
    "199.9999542236328": 2,
    "199.99996948242188": 3,
    "199.99998474121094": 10,
    "200.0": 36900,
    "200.00001525878906": 12,
    "200.00003051757812": 2,
    "200.0000457763672": 2,
    "200.00006103515625": 12,
    "200.0001983642578": 14,
    "200.00038146972656": 19,
    "49.998473282442745": 156,
    "49.99990463256836": 37,
    "49.999935150146484": 3,
    "49.99995422363281": 42,
    "49.999961853027344": 3,
    "49.999969482421875": 6,
    "49.99997329711914": 3,
    "49.999977111816406": 5,
    "49.99998474121094": 15,
    "49.9999885559082": 21,
    "49.99999237060547": 39,
    "49.999996185302734": 106,
    "50.0": 232003,
    "50.000003814697266": 64,
    "50.00000762939453": 27,
    "50.0000114440918": 20,
    "50.00001525878906": 20,
    "50.00001907348633": 7,
    "50.000022888183594": 8,
    "50.00002670288086": 3,
    "50.000030517578125": 3,
    "50.00004959106445": 50,
    "50.00009536743164": 15,
    "50.00010681152344": 3,
    "50.0001106262207": 6,
    "50.000125885009766": 6,
    "50.000396728515625": 6,
    "99.99999237060547": 1
  },
  "rate_deviation_max_absolute": {
    "rate_deviation_hz": 0.001526717557254642,
    "rate_deviation_ppm": 30.53435114509284,
    "nominal_elapsed_difference_seconds": 0.01099209136156861
  },
  "rate_comparison_note": "Exact actual floating-point header rates retained; nonexact metadata comparisons are not automatically physical timing errors or rounded to nominal rates.",
  "counts": {
    "missing_metadata": 0,
    "metadata_without_waveforms": 0,
    "rate_mismatches": 833,
    "gaps": 0,
    "overlaps": 0,
    "duplicate_metadata_ids": 0
  },
  "elapsed_seconds": 37.128778375001275
}
