{"status": "pass", "kind": "exposure", "seconds": 28.906290849030484, "runs_verified": 6, "score_rows_checked": 54}
	Command being timed: "/usr/bin/timeout --kill-after=30s 600s /home/ec2-user/Earthquake/.venv/bin/python artifact_audit.py --kind exposure --root /mnt/eew-research/runs/exposure_grid_v1 --grid-sha256 8b38a3fd63c4b5050a2baf38b539a6ba5ec5081922cbf5fc9e452531161168a4 --export /mnt/eew-research/runs/response_prefix_export_v1 --export-sha256 55ba19f81f59c106964ae92302258aba7780d5bc1a48cd3ec20617c8f2ba2a46 --contract source_contract.json --contract-sha256 4567987e852e7495d8bafa7945bc2ac4b252dc1646f531219bc740bdb1189c58 --output exposure_receipt_v1.json --execute"
	User time (seconds): 27.87
	System time (seconds): 2.63
	Percent of CPU this job got: 102%
	Elapsed (wall clock) time (h:mm:ss or m:ss): 0:29.69
	Average shared text size (kbytes): 0
	Average unshared data size (kbytes): 0
	Average stack size (kbytes): 0
	Average total size (kbytes): 0
	Maximum resident set size (kbytes): 2552732
	Average resident set size (kbytes): 0
	Major (requiring I/O) page faults: 0
	Minor (reclaiming a frame) page faults: 1008279
	Voluntary context switches: 134
	Involuntary context switches: 260
	Swaps: 0
	File system inputs: 0
	File system outputs: 168
	Socket messages sent: 0
	Socket messages received: 0
	Signals delivered: 0
	Page size (bytes): 4096
	Exit status: 0
