	Command being timed: "/usr/bin/timeout --kill-after=30s 600s /home/ec2-user/Earthquake/.venv/bin/python extract_effects.py --kind exposure --root /mnt/eew-research/runs/exposure_grid_v1 --receipt exposure_receipt_v1.json --receipt-sha256 02bf5ae748c3f6dad256f91d06eaa77a2c65d06dfb5dc76a2b21ee3a0f302d5f"
	User time (seconds): 5.98
	System time (seconds): 1.71
	Percent of CPU this job got: 99%
	Elapsed (wall clock) time (h:mm:ss or m:ss): 0:07.70
	Average shared text size (kbytes): 0
	Average unshared data size (kbytes): 0
	Average stack size (kbytes): 0
	Average total size (kbytes): 0
	Maximum resident set size (kbytes): 2811640
	Average resident set size (kbytes): 0
	Major (requiring I/O) page faults: 0
	Minor (reclaiming a frame) page faults: 705516
	Voluntary context switches: 3
	Involuntary context switches: 68
	Swaps: 0
	File system inputs: 0
	File system outputs: 168
	Socket messages sent: 0
	Socket messages received: 0
	Signals delivered: 0
	Page size (bytes): 4096
	Exit status: 0
