{"status": "pass", "kind": "response", "seconds": 33.93195998104056, "runs_verified": 8, "score_rows_checked": 72}
	Command being timed: "/usr/bin/timeout --kill-after=30s 600s /home/ec2-user/Earthquake/.venv/bin/python artifact_audit.py --kind response --root /mnt/eew-research/runs/response_architecture_grid_v1 --grid-sha256 db1e52814650f60e269c434f9fd9506fd38df33282c77af1e5da20562b2f121e --export /mnt/eew-research/runs/response_prefix_export_v1 --export-sha256 55ba19f81f59c106964ae92302258aba7780d5bc1a48cd3ec20617c8f2ba2a46 --contract source_contract.json --contract-sha256 4567987e852e7495d8bafa7945bc2ac4b252dc1646f531219bc740bdb1189c58 --output response_receipt_v1.json --execute"
	User time (seconds): 30.10
	System time (seconds): 4.87
	Percent of CPU this job got: 100%
	Elapsed (wall clock) time (h:mm:ss or m:ss): 0:34.91
	Average shared text size (kbytes): 0
	Average unshared data size (kbytes): 0
	Average stack size (kbytes): 0
	Average total size (kbytes): 0
	Maximum resident set size (kbytes): 4698076
	Average resident set size (kbytes): 0
	Major (requiring I/O) page faults: 0
	Minor (reclaiming a frame) page faults: 1760776
	Voluntary context switches: 5
	Involuntary context switches: 319
	Swaps: 0
	File system inputs: 0
	File system outputs: 112
	Socket messages sent: 0
	Socket messages received: 0
	Signals delivered: 0
	Page size (bytes): 4096
	Exit status: 0
