	Command being timed: "/usr/bin/timeout --kill-after=30s 600s /home/ec2-user/Earthquake/.venv/bin/python extract_secondary.py --root /mnt/eew-research/runs/response_architecture_grid_v1 --receipt response_receipt_v1.json --receipt-sha256 6e8cc224b666b5718dfad57a100547fa798c8891374a4c711a312bc8e4d674b7"
	User time (seconds): 13.58
	System time (seconds): 3.53
	Percent of CPU this job got: 99%
	Elapsed (wall clock) time (h:mm:ss or m:ss): 0:17.12
	Average shared text size (kbytes): 0
	Average unshared data size (kbytes): 0
	Average stack size (kbytes): 0
	Average total size (kbytes): 0
	Maximum resident set size (kbytes): 5933348
	Average resident set size (kbytes): 0
	Major (requiring I/O) page faults: 0
	Minor (reclaiming a frame) page faults: 1489902
	Voluntary context switches: 36
	Involuntary context switches: 148
	Swaps: 0
	File system inputs: 0
	File system outputs: 208
	Socket messages sent: 0
	Socket messages received: 0
	Signals delivered: 0
	Page size (bytes): 4096
	Exit status: 0
