Verified fit bundle and fresh destination
{"completed": "1s_B_seed20261009", "seconds": 3.1173592979903333}
{"completed": "1s_B_seed20261010", "seconds": 4.4546918220003136}
{"completed": "1s_D_seed20261009", "seconds": 6.262060534965713}
{"completed": "1s_D_seed20261010", "seconds": 7.599929582967889}
{"completed": "1s_F_seed20261009", "seconds": 9.382685002987273}
{"completed": "1s_F_seed20261010", "seconds": 10.718786061974242}
{"completed": "3s_B_seed20261009", "seconds": 12.676241722947452}
{"completed": "3s_B_seed20261010", "seconds": 14.048835408990271}
{"completed": "3s_D_seed20261009", "seconds": 15.904377017985098}
{"completed": "3s_D_seed20261010", "seconds": 17.286942339967936}
{"completed": "3s_F_seed20261009", "seconds": 19.17229103296995}
{"completed": "3s_F_seed20261010", "seconds": 20.604269268980715}
{"completed": "5s_B_seed20261009", "seconds": 22.633504547993653}
{"completed": "5s_B_seed20261010", "seconds": 24.056348648970015}
{"completed": "5s_D_seed20261009", "seconds": 25.968147816951387}
{"completed": "5s_D_seed20261010", "seconds": 27.424031080969144}
{"completed": "5s_F_seed20261009", "seconds": 29.374331358994823}
{"completed": "5s_F_seed20261010", "seconds": 30.870672498946078}
{"timed_out": false, "exit_code": 0, "elapsed_seconds": 32.62288104696199}
