EXPORTED 10000 TRAIN records
EXPORTED 20000 TRAIN records
EXPORTED 30000 TRAIN records
EXPORTED 40000 TRAIN records
EXPORTED 50000 TRAIN records
EXPORTED 60000 TRAIN records
EXPORTED 70000 TRAIN records
EXPORTED 80000 TRAIN records
EXPORTED 90000 TRAIN records
EXPORTED 100000 TRAIN records
EXPORTED 110000 TRAIN records
EXPORTED 120000 TRAIN records
EXPORTED 130000 TRAIN records
EXPORTED 140000 TRAIN records
EXPORTED 150000 TRAIN records
EXPORTED 160000 TRAIN records
EXPORTED 170000 TRAIN records
EXPORTED 180000 TRAIN records
EXPORTED 190000 TRAIN records
EXPORTED 200000 TRAIN records
EXPORTED 210000 TRAIN records
EXPORTED 220000 TRAIN records
EXPORTED 230000 TRAIN records
EXPORTED 240000 TRAIN records
EXPORTED 250000 TRAIN records
EXPORTED 260000 TRAIN records
EXPORTED 270000 TRAIN records
EXPORTED 280000 TRAIN records
EXPORTED 290000 TRAIN records
EXPORTED 300000 TRAIN records
EXPORTED 310000 TRAIN records
EXPORTED 320000 TRAIN records
EXPORTED 330000 TRAIN records
EXPORTED 340000 TRAIN records
EXPORTED 350000 TRAIN records
EXPORTED 360000 TRAIN records
EXPORTED 370000 TRAIN records
EXPORTED 380000 TRAIN records
EXPORTED 390000 TRAIN records
EXPORTED 400000 TRAIN records
EXPORTED 410000 TRAIN records
EXPORTED 420000 TRAIN records
EXPORTED 430000 TRAIN records
EXPORTED 440000 TRAIN records
EXPORTED 450000 TRAIN records
EXPORTED 460000 TRAIN records
EXPORTED 470000 TRAIN records
EXPORTED 480000 TRAIN records
EXPORTED 490000 TRAIN records
EXPORTED 500000 TRAIN records
EXPORTED 510000 TRAIN records
EXPORTED 520000 TRAIN records
EXPORTED 530000 TRAIN records
EXPORTED 540000 TRAIN records
EXPORTED 550000 TRAIN records
EXPORTED 560000 TRAIN records
EXPORTED 570000 TRAIN records
EXPORTED 580000 TRAIN records
EXPORTED 590000 TRAIN records
EXPORTED 600000 TRAIN records
EXPORTED 610000 TRAIN records
EXPORTED 620000 TRAIN records
EXPORTED 630000 TRAIN records
EXPORTED 640000 TRAIN records
EXPORTED 650000 TRAIN records
EXPORTED 660000 TRAIN records
EXPORTED 670000 TRAIN records
EXPORTED 680000 TRAIN records
EXPORTED 690000 TRAIN records
EXPORTED 700000 TRAIN records
EXPORTED 710000 TRAIN records
EXPORTED 720000 TRAIN records
EXPORTED 730000 TRAIN records
EXPORTED 740000 TRAIN records
EXPORTED 750000 TRAIN records
EXPORTED 760000 TRAIN records
EXPORTED 770000 TRAIN records
EXPORTED 780000 TRAIN records
EXPORTED 790000 TRAIN records
EXPORTED 800000 TRAIN records
EXPORTED 810000 TRAIN records
EXPORTED 820000 TRAIN records
EXPORTED 830000 TRAIN records
EXPORTED 840000 TRAIN records
EXPORTED 850000 TRAIN records
EXPORTED 860000 TRAIN records
EXPORTED 870000 TRAIN records
EXPORTED 880000 TRAIN records
EXPORTED 890000 TRAIN records
EXPORTED 900000 TRAIN records
EXPORTED 910000 TRAIN records
EXPORTED 920000 TRAIN records
EXPORTED 930000 TRAIN records
EXPORTED 940000 TRAIN records
EXPORTED 950000 TRAIN records
EXPORTED 960000 TRAIN records
EXPORTED 970000 TRAIN records
{
  "schema": "instance_future_growth_v1",
  "split": "train",
  "records": 979487,
  "metadata_sha256": "168b5d861804e9707f68125dc8bc9453c8e0a47a48ef4055a7920c6526f1535d",
  "audit_sha256": "d3a77d0a144d5a25568c1deb76b61558c80c2856908500350b34244277e9c20e",
  "raw_source": {
    "path": "/data/Instance_events_counts.hdf5",
    "bytes": 167443494776,
    "mtime_ns": 1786807349000000000
  },
  "cache_source": {
    "path": "/data/Instance_windows_5s.hdf5",
    "bytes": 6960137796,
    "mtime_ns": 1788461010938629366
  },
  "normalization_sha256": {
    "train_mean_full.npy": "0f1ed444798e604b4644e5990649009dcbf496267563d792d0555e456bbd442c",
    "train_std_full.npy": "ad39f78d4505d0e8f91dff0d60965458e559af3c0f2174e1d316e49e30becf0a"
  },
  "arrays_sha256": {
    "rows": "140cc844a19b7619a11580ca25e059a7c9800670768298956bf6cb6a86a5b653",
    "event_ids": "40cdb2a44d2a1a8c2594881777ae45723216c2f7f8127e6ed0ad383e7face965",
    "trace_names": "1a6eb42fbf6954b67bf58aa1cfca07242fc52962b8a410eb7ddf3cece4326a20",
    "magnitudes": "e0d2aad3688c7fe5a6918d4484706a761faa06346aa544269641c296d3bfd4fd",
    "p_samples": "96517e85662493ced0d21af57afa8e2591984caf1bf7464f77ed2cea4d9a5f63",
    "growth": "90e896dc340b9edf34f830108c32919845c7a9229abf6d05074c113ba545c12a",
    "valid": "87f69c87a63def34704a4506721cd3f4bc57fe7e3042dc512e9669f060a17a4d",
    "reason": "5c92952dbdb172e19c25491122583e8255d7475ca5c51c983e816e0dfb9cb4bd",
    "peaks": "35ada4e388b13c31b16611a02fa5986102795b45d796a981527ebeb111ae36b1",
    "baseline": "c092cb20b6bebe77d88bc0d49ad8c671ab20bfcf75893ecebf4ea7ae00dd5998",
    "source_window_sha256": "26ccbe66e1e5bea5231993b3123934fbf12e404df7e26d683b4512513e0db8ea"
  },
  "selected_max_per_event": 0,
  "sample_limit": 0,
  "smoke_only": false,
  "sampling_seed": 20261009,
  "input_seconds": [
    1,
    3,
    5
  ],
  "target_seconds": 10,
  "sample_rate_hz": 100,
  "component": "Z, index 2 in documented INSTANCE ENZ order",
  "baseline": "Mean of exactly the preceding 100 samples; same baseline for all peaks",
  "peak_floor_counts": 1e-08,
  "aligned_raw_cache_records": 979487,
  "valid_per_time": [
    979485,
    979485,
    979485
  ],
  "zero_growth_per_time": [
    115144,
    307486,
    516718
  ],
  "reasons": {
    "missing_pre_p": 2,
    "ok": 979485
  },
  "source_limit": "Released counts may already include whole-trace detrending/resampling; not instrument-deconvolved.",
  "source_code_sha256": {
    "train_future_growth.py": "3203103cb0fcfd15dabf813a6201566a179be79238a49eec6e3aeb11b071539b",
    "future_growth.py": "44e24e839ed12a5405086dbbbe18e63db8a29fd45848c2e44755e1882fe182a9"
  }
}
