results/2026-10-09/phase2/job_logs/instrument_queue_20261009T174701Z
2026-10-09T17:47:01Z
base_seed20261009 {'mae': 0.4058600597352942, 'medae': 0.30545850237452665, 'm4_mae': 0.867007359497253, 'cvar95': 1.4265148125819629, 'fp4': 635}
instrument_seed20261009 {'mae': 0.3794615387173286, 'medae': 0.2837026343365394, 'm4_mae': 0.70387740144383, 'cvar95': 1.3583222787752272, 'fp4': 614}
instrument_native_seed20261009 {'mae': 0.3782847044132897, 'medae': 0.2817058472995586, 'm4_mae': 0.696485445648038, 'cvar95': 1.3698346913253474, 'fp4': 645}
base_seed20261010 {'mae': 0.40574186321430233, 'medae': 0.3052452727344188, 'm4_mae': 0.8750243512639415, 'cvar95': 1.4250158248787725, 'fp4': 663}
instrument_seed20261010 {'mae': 0.3764824984981187, 'medae': 0.2801821210734581, 'm4_mae': 0.7181658211896994, 'cvar95': 1.3626409273320361, 'fp4': 614}
instrument_native_seed20261010 {'mae': 0.3759850075041769, 'medae': 0.27890347272990734, 'm4_mae': 0.7138538047870939, 'cvar95': 1.3713911785493367, 'fp4': 607}
COMPLETE /mnt/eew-research/runs/instrument_residual_1s_1bbf4f4d67e5_2b94eb7e7f00
2026-10-09T17:48:44Z
base_seed20261009 {'mae': 0.3560733698790291, 'medae': 0.2637375891752959, 'm4_mae': 0.7413868182488077, 'cvar95': 1.3005939271336866, 'fp4': 678}
instrument_seed20261009 {'mae': 0.33057862281029604, 'medae': 0.24509467196103474, 'm4_mae': 0.5880037949980943, 'cvar95': 1.233770530237346, 'fp4': 633}
instrument_native_seed20261009 {'mae': 0.33042699924266844, 'medae': 0.2441257070112548, 'm4_mae': 0.5832974538362055, 'cvar95': 1.243982391898048, 'fp4': 625}
base_seed20261010 {'mae': 0.3580955939370071, 'medae': 0.2645388922633698, 'm4_mae': 0.7168917096037609, 'cvar95': 1.3089799365458243, 'fp4': 760}
instrument_seed20261010 {'mae': 0.3290827244098754, 'medae': 0.24241065228314973, 'm4_mae': 0.5887896764667121, 'cvar95': 1.2336987231238938, 'fp4': 631}
instrument_native_seed20261010 {'mae': 0.3283646366020301, 'medae': 0.24112576789852547, 'm4_mae': 0.5859182502117677, 'cvar95': 1.239525924449997, 'fp4': 675}
COMPLETE /mnt/eew-research/runs/instrument_residual_3s_1ebd2ac6e35d_c019cf0c8deb
2026-10-09T17:50:42Z
base_seed20261009 {'mae': 0.32886492276194335, 'medae': 0.23563773192003445, 'm4_mae': 0.6452918240969778, 'cvar95': 1.2690450979216714, 'fp4': 653}
instrument_seed20261009 {'mae': 0.3014394720165282, 'medae': 0.2141107618692466, 'm4_mae': 0.5038453209413313, 'cvar95': 1.2070087433795347, 'fp4': 662}
instrument_native_seed20261009 {'mae': 0.3010742604882475, 'medae': 0.21353398133356816, 'm4_mae': 0.5014870065559752, 'cvar95': 1.2134767223793577, 'fp4': 683}
base_seed20261010 {'mae': 0.32767928300302684, 'medae': 0.2346528492002511, 'm4_mae': 0.6333866325139772, 'cvar95': 1.2667680293449037, 'fp4': 681}
instrument_seed20261010 {'mae': 0.2980094155231082, 'medae': 0.21132404134510385, 'm4_mae': 0.5079416338498729, 'cvar95': 1.1998305553753477, 'fp4': 634}
instrument_native_seed20261010 {'mae': 0.2975441807235001, 'medae': 0.21029612135499676, 'm4_mae': 0.507206559358892, 'cvar95': 1.2024873629839747, 'fp4': 638}
COMPLETE /mnt/eew-research/runs/instrument_residual_5s_8ffeb0a0aeba_55cd3e5f1074
QUEUE_FINISHED
